Component: ARM Compiler 5.06 update 6 (build 750) Tool: armlink [4d35ed]

==============================================================================

Section Cross References

    main.o(i.InitConsole) refers to uartstdio.o(i.UARTStdioConfig) for UARTStdioConfig
    main.o(i.PrintTime) refers to main.o(i.myPutChar) for myPutChar
    main.o(i.PrintTime) refers to main.o(.data) for g_seconds
    main.o(i.SysTick_Handler) refers to main.o(.data) for g_seconds
    main.o(i.main) refers to aeabi_memset.o(.text) for __aeabi_memset
    main.o(i.main) refers to main.o(i.InitConsole) for InitConsole
    main.o(i.main) refers to uartstdio.o(i.UARTprintf) for UARTprintf
    main.o(i.main) refers to main.o(i.myGetChar) for myGetChar
    main.o(i.main) refers to uartstdio.o(i.UARTgets) for UARTgets
    main.o(i.main) refers to main.o(i.ToTime) for ToTime
    main.o(i.main) refers to main.o(i.SysTickInit) for SysTickInit
    main.o(i.main) refers to startup.o(.text) for WaitForInterrupt
    main.o(i.main) refers to main.o(i.PrintTime) for PrintTime
    main.o(i.main) refers to main.o(.data) for g_seconds
    startup.o(STACK) refers (Special) to heapauxi.o(.text) for __use_two_region_memory
    startup.o(HEAP) refers (Special) to heapauxi.o(.text) for __use_two_region_memory
    startup.o(RESET) refers (Special) to heapauxi.o(.text) for __use_two_region_memory
    startup.o(RESET) refers to startup.o(STACK) for StackMem
    startup.o(RESET) refers to main.o(i.SysTick_Handler) for SysTick_Handler
    startup.o(RESET) refers to __main.o(!!!main) for __main
    startup.o(.text) refers (Special) to heapauxi.o(.text) for __use_two_region_memory
    startup.o(.text) refers to startup.o(HEAP) for HeapMem
    startup.o(.text) refers to startup.o(STACK) for StackMem
    adc.o(i.ADCIntRegister) refers to interrupt.o(i.IntRegister) for IntRegister
    adc.o(i.ADCIntRegister) refers to interrupt.o(i.IntEnable) for IntEnable
    adc.o(i.ADCIntUnregister) refers to adc.o(i.ADCIntNumberGet) for ADCIntNumberGet
    adc.o(i.ADCIntUnregister) refers to interrupt.o(i.IntDisable) for IntDisable
    adc.o(i.ADCIntUnregister) refers to interrupt.o(i.IntUnregister) for IntUnregister
    adc.o(i.ADCSoftwareOversampleConfigure) refers to adc.o(.data) for g_pui8OversampleFactor
    adc.o(i.ADCSoftwareOversampleDataGet) refers to adc.o(.data) for g_pui8OversampleFactor
    adc.o(i.ADCSoftwareOversampleStepConfigure) refers to adc.o(.data) for g_pui8OversampleFactor
    gpio.o(i.GPIOIntNumberGet) refers to gpio.o(.constdata) for g_ppui32GPIOIntMapBlizzard
    gpio.o(i.GPIOIntRegister) refers to gpio.o(i.GPIOIntNumberGet) for GPIOIntNumberGet
    gpio.o(i.GPIOIntRegister) refers to interrupt.o(i.IntRegister) for IntRegister
    gpio.o(i.GPIOIntRegister) refers to interrupt.o(i.IntEnable) for IntEnable
    gpio.o(i.GPIOIntUnregister) refers to gpio.o(i.GPIOIntNumberGet) for GPIOIntNumberGet
    gpio.o(i.GPIOIntUnregister) refers to interrupt.o(i.IntDisable) for IntDisable
    gpio.o(i.GPIOIntUnregister) refers to interrupt.o(i.IntUnregister) for IntUnregister
    gpio.o(i.GPIOPinConfigure) refers to gpio.o(.constdata) for g_pui32GPIOBaseAddrs
    gpio.o(i.GPIOPinTypeADC) refers to gpio.o(i.GPIODirModeSet) for GPIODirModeSet
    gpio.o(i.GPIOPinTypeADC) refers to gpio.o(i.GPIOPadConfigSet) for GPIOPadConfigSet
    gpio.o(i.GPIOPinTypeCAN) refers to gpio.o(i.GPIODirModeSet) for GPIODirModeSet
    gpio.o(i.GPIOPinTypeCAN) refers to gpio.o(i.GPIOPadConfigSet) for GPIOPadConfigSet
    gpio.o(i.GPIOPinTypeComparator) refers to gpio.o(i.GPIODirModeSet) for GPIODirModeSet
    gpio.o(i.GPIOPinTypeComparator) refers to gpio.o(i.GPIOPadConfigSet) for GPIOPadConfigSet
    gpio.o(i.GPIOPinTypeEPI) refers to gpio.o(i.GPIODirModeSet) for GPIODirModeSet
    gpio.o(i.GPIOPinTypeEPI) refers to gpio.o(i.GPIOPadConfigSet) for GPIOPadConfigSet
    gpio.o(i.GPIOPinTypeEthernetLED) refers to gpio.o(i.GPIODirModeSet) for GPIODirModeSet
    gpio.o(i.GPIOPinTypeEthernetLED) refers to gpio.o(i.GPIOPadConfigSet) for GPIOPadConfigSet
    gpio.o(i.GPIOPinTypeEthernetMII) refers to gpio.o(i.GPIODirModeSet) for GPIODirModeSet
    gpio.o(i.GPIOPinTypeEthernetMII) refers to gpio.o(i.GPIOPadConfigSet) for GPIOPadConfigSet
    gpio.o(i.GPIOPinTypeFan) refers to gpio.o(i.GPIODirModeSet) for GPIODirModeSet
    gpio.o(i.GPIOPinTypeFan) refers to gpio.o(i.GPIOPadConfigSet) for GPIOPadConfigSet
    gpio.o(i.GPIOPinTypeGPIOInput) refers to gpio.o(i.GPIODirModeSet) for GPIODirModeSet
    gpio.o(i.GPIOPinTypeGPIOInput) refers to gpio.o(i.GPIOPadConfigSet) for GPIOPadConfigSet
    gpio.o(i.GPIOPinTypeGPIOOutput) refers to gpio.o(i.GPIOPadConfigSet) for GPIOPadConfigSet
    gpio.o(i.GPIOPinTypeGPIOOutput) refers to gpio.o(i.GPIODirModeSet) for GPIODirModeSet
    gpio.o(i.GPIOPinTypeGPIOOutputOD) refers to gpio.o(i.GPIOPadConfigSet) for GPIOPadConfigSet
    gpio.o(i.GPIOPinTypeGPIOOutputOD) refers to gpio.o(i.GPIODirModeSet) for GPIODirModeSet
    gpio.o(i.GPIOPinTypeI2C) refers to gpio.o(i.GPIODirModeSet) for GPIODirModeSet
    gpio.o(i.GPIOPinTypeI2C) refers to gpio.o(i.GPIOPadConfigSet) for GPIOPadConfigSet
    gpio.o(i.GPIOPinTypeI2CSCL) refers to gpio.o(i.GPIODirModeSet) for GPIODirModeSet
    gpio.o(i.GPIOPinTypeI2CSCL) refers to gpio.o(i.GPIOPadConfigSet) for GPIOPadConfigSet
    gpio.o(i.GPIOPinTypeI2S) refers to gpio.o(i.GPIODirModeSet) for GPIODirModeSet
    gpio.o(i.GPIOPinTypeI2S) refers to gpio.o(i.GPIOPadConfigSet) for GPIOPadConfigSet
    gpio.o(i.GPIOPinTypeLPC) refers to gpio.o(i.GPIODirModeSet) for GPIODirModeSet
    gpio.o(i.GPIOPinTypeLPC) refers to gpio.o(i.GPIOPadConfigSet) for GPIOPadConfigSet
    gpio.o(i.GPIOPinTypePECIRx) refers to gpio.o(i.GPIODirModeSet) for GPIODirModeSet
    gpio.o(i.GPIOPinTypePECIRx) refers to gpio.o(i.GPIOPadConfigSet) for GPIOPadConfigSet
    gpio.o(i.GPIOPinTypePECITx) refers to gpio.o(i.GPIODirModeSet) for GPIODirModeSet
    gpio.o(i.GPIOPinTypePECITx) refers to gpio.o(i.GPIOPadConfigSet) for GPIOPadConfigSet
    gpio.o(i.GPIOPinTypePWM) refers to gpio.o(i.GPIODirModeSet) for GPIODirModeSet
    gpio.o(i.GPIOPinTypePWM) refers to gpio.o(i.GPIOPadConfigSet) for GPIOPadConfigSet
    gpio.o(i.GPIOPinTypeQEI) refers to gpio.o(i.GPIODirModeSet) for GPIODirModeSet
    gpio.o(i.GPIOPinTypeQEI) refers to gpio.o(i.GPIOPadConfigSet) for GPIOPadConfigSet
    gpio.o(i.GPIOPinTypeSSI) refers to gpio.o(i.GPIODirModeSet) for GPIODirModeSet
    gpio.o(i.GPIOPinTypeSSI) refers to gpio.o(i.GPIOPadConfigSet) for GPIOPadConfigSet
    gpio.o(i.GPIOPinTypeTimer) refers to gpio.o(i.GPIODirModeSet) for GPIODirModeSet
    gpio.o(i.GPIOPinTypeTimer) refers to gpio.o(i.GPIOPadConfigSet) for GPIOPadConfigSet
    gpio.o(i.GPIOPinTypeUART) refers to gpio.o(i.GPIODirModeSet) for GPIODirModeSet
    gpio.o(i.GPIOPinTypeUART) refers to gpio.o(i.GPIOPadConfigSet) for GPIOPadConfigSet
    gpio.o(i.GPIOPinTypeUSBAnalog) refers to gpio.o(i.GPIODirModeSet) for GPIODirModeSet
    gpio.o(i.GPIOPinTypeUSBAnalog) refers to gpio.o(i.GPIOPadConfigSet) for GPIOPadConfigSet
    gpio.o(i.GPIOPinTypeUSBDigital) refers to gpio.o(i.GPIODirModeSet) for GPIODirModeSet
    gpio.o(i.GPIOPinTypeUSBDigital) refers to gpio.o(i.GPIOPadConfigSet) for GPIOPadConfigSet
    interrupt.o(i.IntDisable) refers to interrupt.o(.constdata) for g_pui32Dii16Regs
    interrupt.o(i.IntEnable) refers to interrupt.o(.constdata) for g_pui32EnRegs
    interrupt.o(i.IntIsEnabled) refers to interrupt.o(.constdata) for g_pui32EnRegs
    interrupt.o(i.IntMasterDisable) refers to cpu.o(.emb_text) for CPUcpsid
    interrupt.o(i.IntMasterEnable) refers to cpu.o(.emb_text) for CPUcpsie
    interrupt.o(i.IntPendClear) refers to interrupt.o(.constdata) for g_pui32UnpendRegs
    interrupt.o(i.IntPendSet) refers to interrupt.o(.constdata) for g_pui32PendRegs
    interrupt.o(i.IntPriorityGet) refers to interrupt.o(.constdata) for g_pui32Regs
    interrupt.o(i.IntPriorityGroupingGet) refers to interrupt.o(.constdata) for g_pui32Priority
    interrupt.o(i.IntPriorityGroupingSet) refers to interrupt.o(.constdata) for g_pui32Priority
    interrupt.o(i.IntPriorityMaskGet) refers to cpu.o(.emb_text) for CPUbasepriGet
    interrupt.o(i.IntPriorityMaskSet) refers to cpu.o(.emb_text) for CPUbasepriSet
    interrupt.o(i.IntPrioritySet) refers to interrupt.o(.constdata) for g_pui32Regs
    interrupt.o(i.IntRegister) refers to interrupt.o(vtable) for g_pfnRAMVectors
    interrupt.o(i.IntUnregister) refers to interrupt.o(i.IntDefaultHandler) for IntDefaultHandler
    interrupt.o(i.IntUnregister) refers to interrupt.o(vtable) for g_pfnRAMVectors
    sysctl.o(i.SysCtlClockGet) refers to sysctl.o(.constdata) for g_pui32Xtals
    sysctl.o(i.SysCtlClockSet) refers to sysctl.o(.emb_text) for SysCtlDelay
    sysctl.o(i.SysCtlDeepSleep) refers to cpu.o(.emb_text) for CPUwfi
    sysctl.o(i.SysCtlIntRegister) refers to interrupt.o(i.IntRegister) for IntRegister
    sysctl.o(i.SysCtlIntRegister) refers to interrupt.o(i.IntEnable) for IntEnable
    sysctl.o(i.SysCtlIntUnregister) refers to interrupt.o(i.IntDisable) for IntDisable
    sysctl.o(i.SysCtlIntUnregister) refers to interrupt.o(i.IntUnregister) for IntUnregister
    sysctl.o(i.SysCtlSleep) refers to cpu.o(.emb_text) for CPUwfi
    uart.o(i.UARTConfigSetExpClk) refers to uart.o(i.UARTDisable) for UARTDisable
    uart.o(i.UARTConfigSetExpClk) refers to uart.o(i.UARTEnable) for UARTEnable
    uart.o(i.UARTIntNumberGet) refers to uart.o(.constdata) for g_ppui32UARTIntMap
    uart.o(i.UARTIntRegister) refers to uart.o(i.UARTIntNumberGet) for UARTIntNumberGet
    uart.o(i.UARTIntRegister) refers to interrupt.o(i.IntRegister) for IntRegister
    uart.o(i.UARTIntRegister) refers to interrupt.o(i.IntEnable) for IntEnable
    uart.o(i.UARTIntUnregister) refers to uart.o(i.UARTIntNumberGet) for UARTIntNumberGet
    uart.o(i.UARTIntUnregister) refers to interrupt.o(i.IntDisable) for IntDisable
    uart.o(i.UARTIntUnregister) refers to interrupt.o(i.IntUnregister) for IntUnregister
    uartstdio.o(i.UARTStdioConfig) refers to sysctl.o(i.SysCtlPeripheralPresent) for SysCtlPeripheralPresent
    uartstdio.o(i.UARTStdioConfig) refers to uartstdio.o(.constdata) for g_ui32UARTPeriph
    uartstdio.o(i.UARTStdioConfig) refers to uartstdio.o(.data) for g_ui32Base
    uartstdio.o(i.UARTgetc) refers to uart.o(i.UARTCharGet) for UARTCharGet
    uartstdio.o(i.UARTgetc) refers to uartstdio.o(.data) for g_ui32Base
    uartstdio.o(i.UARTgets) refers to uart.o(i.UARTCharGet) for UARTCharGet
    uartstdio.o(i.UARTgets) refers to uartstdio.o(i.UARTwrite) for UARTwrite
    uartstdio.o(i.UARTgets) refers to uart.o(i.UARTCharPut) for UARTCharPut
    uartstdio.o(i.UARTgets) refers to uartstdio.o(.data) for g_ui32Base
    uartstdio.o(i.UARTprintf) refers to uartstdio.o(i.UARTvprintf) for UARTvprintf
    uartstdio.o(i.UARTvprintf) refers to uartstdio.o(i.UARTwrite) for UARTwrite
    uartstdio.o(i.UARTvprintf) refers to uartstdio.o(.constdata) for g_pcHex
    uartstdio.o(i.UARTwrite) refers to uart.o(i.UARTCharPut) for UARTCharPut
    uartstdio.o(i.UARTwrite) refers to uartstdio.o(.data) for g_ui32Base
    uartstdio.o(.constdata) refers to uartstdio.o(.conststring) for .conststring
    aeabi_memset.o(.text) refers to rt_memclr.o(.text) for _memset
    __main.o(!!!main) refers to __rtentry.o(.ARM.Collect$$rtentry$$00000000) for __rt_entry
    __rtentry.o(.ARM.Collect$$rtentry$$00000000) refers (Special) to __rtentry2.o(.ARM.Collect$$rtentry$$0000000A) for __rt_entry_li
    __rtentry.o(.ARM.Collect$$rtentry$$00000000) refers (Special) to __rtentry2.o(.ARM.Collect$$rtentry$$0000000D) for __rt_entry_main
    __rtentry.o(.ARM.Collect$$rtentry$$00000000) refers (Special) to __rtentry2.o(.ARM.Collect$$rtentry$$0000000C) for __rt_entry_postli_1
    __rtentry.o(.ARM.Collect$$rtentry$$00000000) refers (Special) to __rtentry2.o(.ARM.Collect$$rtentry$$00000009) for __rt_entry_postsh_1
    __rtentry.o(.ARM.Collect$$rtentry$$00000000) refers (Special) to __rtentry2.o(.ARM.Collect$$rtentry$$00000002) for __rt_entry_presh_1
    __rtentry.o(.ARM.Collect$$rtentry$$00000000) refers (Special) to __rtentry4.o(.ARM.Collect$$rtentry$$00000004) for __rt_entry_sh
    rt_memclr.o(.text) refers to rt_memclr_w.o(.text) for _memset_w
    __rtentry2.o(.ARM.Collect$$rtentry$$00000008) refers to boardinit2.o(.text) for _platform_post_stackheap_init
    __rtentry2.o(.ARM.Collect$$rtentry$$0000000A) refers to libinit.o(.ARM.Collect$$libinit$$00000000) for __rt_lib_init
    __rtentry2.o(.ARM.Collect$$rtentry$$0000000B) refers to boardinit3.o(.text) for _platform_post_lib_init
    __rtentry2.o(.ARM.Collect$$rtentry$$0000000D) refers to main.o(i.main) for main
    __rtentry2.o(.ARM.Collect$$rtentry$$0000000D) refers to exit.o(.text) for exit
    __rtentry2.o(.ARM.exidx) refers to __rtentry2.o(.ARM.Collect$$rtentry$$00000001) for .ARM.Collect$$rtentry$$00000001
    __rtentry2.o(.ARM.exidx) refers to __rtentry2.o(.ARM.Collect$$rtentry$$00000008) for .ARM.Collect$$rtentry$$00000008
    __rtentry2.o(.ARM.exidx) refers to __rtentry2.o(.ARM.Collect$$rtentry$$0000000A) for .ARM.Collect$$rtentry$$0000000A
    __rtentry2.o(.ARM.exidx) refers to __rtentry2.o(.ARM.Collect$$rtentry$$0000000B) for .ARM.Collect$$rtentry$$0000000B
    __rtentry2.o(.ARM.exidx) refers to __rtentry2.o(.ARM.Collect$$rtentry$$0000000D) for .ARM.Collect$$rtentry$$0000000D
    __rtentry4.o(.ARM.Collect$$rtentry$$00000004) refers to sys_stackheap_outer.o(.text) for __user_setup_stackheap
    __rtentry4.o(.ARM.exidx) refers to __rtentry4.o(.ARM.Collect$$rtentry$$00000004) for .ARM.Collect$$rtentry$$00000004
    sys_stackheap_outer.o(.text) refers to libspace.o(.text) for __user_perproc_libspace
    sys_stackheap_outer.o(.text) refers to startup.o(.text) for __user_initial_stackheap
    exit.o(.text) refers to rtexit.o(.ARM.Collect$$rtexit$$00000000) for __rt_exit
    libinit.o(.ARM.Collect$$libinit$$00000000) refers (Special) to libinit2.o(.ARM.Collect$$libinit$$0000002E) for __rt_lib_init_alloca_1
    libinit.o(.ARM.Collect$$libinit$$00000000) refers (Special) to libinit2.o(.ARM.Collect$$libinit$$0000002C) for __rt_lib_init_argv_1
    libinit.o(.ARM.Collect$$libinit$$00000000) refers (Special) to libinit2.o(.ARM.Collect$$libinit$$0000001B) for __rt_lib_init_atexit_1
    libinit.o(.ARM.Collect$$libinit$$00000000) refers (Special) to libinit2.o(.ARM.Collect$$libinit$$00000021) for __rt_lib_init_clock_1
    libinit.o(.ARM.Collect$$libinit$$00000000) refers (Special) to libinit2.o(.ARM.Collect$$libinit$$00000032) for __rt_lib_init_cpp_1
    libinit.o(.ARM.Collect$$libinit$$00000000) refers (Special) to libinit2.o(.ARM.Collect$$libinit$$00000030) for __rt_lib_init_exceptions_1
    libinit.o(.ARM.Collect$$libinit$$00000000) refers (Special) to libinit2.o(.ARM.Collect$$libinit$$00000002) for __rt_lib_init_fp_1
    libinit.o(.ARM.Collect$$libinit$$00000000) refers (Special) to libinit2.o(.ARM.Collect$$libinit$$0000001F) for __rt_lib_init_fp_trap_1
    libinit.o(.ARM.Collect$$libinit$$00000000) refers (Special) to libinit2.o(.ARM.Collect$$libinit$$00000023) for __rt_lib_init_getenv_1
    libinit.o(.ARM.Collect$$libinit$$00000000) refers (Special) to libinit2.o(.ARM.Collect$$libinit$$0000000A) for __rt_lib_init_heap_1
    libinit.o(.ARM.Collect$$libinit$$00000000) refers (Special) to libinit2.o(.ARM.Collect$$libinit$$00000011) for __rt_lib_init_lc_collate_1
    libinit.o(.ARM.Collect$$libinit$$00000000) refers (Special) to libinit2.o(.ARM.Collect$$libinit$$00000013) for __rt_lib_init_lc_ctype_1
    libinit.o(.ARM.Collect$$libinit$$00000000) refers (Special) to libinit2.o(.ARM.Collect$$libinit$$00000015) for __rt_lib_init_lc_monetary_1
    libinit.o(.ARM.Collect$$libinit$$00000000) refers (Special) to libinit2.o(.ARM.Collect$$libinit$$00000017) for __rt_lib_init_lc_numeric_1
    libinit.o(.ARM.Collect$$libinit$$00000000) refers (Special) to libinit2.o(.ARM.Collect$$libinit$$00000019) for __rt_lib_init_lc_time_1
    libinit.o(.ARM.Collect$$libinit$$00000000) refers (Special) to libinit2.o(.ARM.Collect$$libinit$$00000004) for __rt_lib_init_preinit_1
    libinit.o(.ARM.Collect$$libinit$$00000000) refers (Special) to libinit2.o(.ARM.Collect$$libinit$$0000000E) for __rt_lib_init_rand_1
    libinit.o(.ARM.Collect$$libinit$$00000000) refers (Special) to libinit2.o(.ARM.Collect$$libinit$$00000033) for __rt_lib_init_return
    libinit.o(.ARM.Collect$$libinit$$00000000) refers (Special) to libinit2.o(.ARM.Collect$$libinit$$0000001D) for __rt_lib_init_signal_1
    libinit.o(.ARM.Collect$$libinit$$00000000) refers (Special) to libinit2.o(.ARM.Collect$$libinit$$00000025) for __rt_lib_init_stdio_1
    libinit.o(.ARM.Collect$$libinit$$00000000) refers (Special) to libinit2.o(.ARM.Collect$$libinit$$0000000C) for __rt_lib_init_user_alloc_1
    libspace.o(.text) refers to libspace.o(.bss) for __libspace_start
    rtexit.o(.ARM.Collect$$rtexit$$00000000) refers (Special) to rtexit2.o(.ARM.Collect$$rtexit$$00000004) for __rt_exit_exit
    rtexit.o(.ARM.Collect$$rtexit$$00000000) refers (Special) to rtexit2.o(.ARM.Collect$$rtexit$$00000003) for __rt_exit_ls
    rtexit.o(.ARM.Collect$$rtexit$$00000000) refers (Special) to rtexit2.o(.ARM.Collect$$rtexit$$00000002) for __rt_exit_prels_1
    rtexit.o(.ARM.exidx) refers (Special) to rtexit2.o(.ARM.Collect$$rtexit$$00000004) for __rt_exit_exit
    rtexit.o(.ARM.exidx) refers (Special) to rtexit2.o(.ARM.Collect$$rtexit$$00000003) for __rt_exit_ls
    rtexit.o(.ARM.exidx) refers (Special) to rtexit2.o(.ARM.Collect$$rtexit$$00000002) for __rt_exit_prels_1
    rtexit.o(.ARM.exidx) refers to rtexit.o(.ARM.Collect$$rtexit$$00000000) for .ARM.Collect$$rtexit$$00000000
    libinit2.o(.ARM.Collect$$libinit$$00000010) refers to libinit2.o(.ARM.Collect$$libinit$$0000000F) for .ARM.Collect$$libinit$$0000000F
    libinit2.o(.ARM.Collect$$libinit$$00000012) refers to libinit2.o(.ARM.Collect$$libinit$$0000000F) for .ARM.Collect$$libinit$$0000000F
    libinit2.o(.ARM.Collect$$libinit$$00000014) refers to libinit2.o(.ARM.Collect$$libinit$$0000000F) for .ARM.Collect$$libinit$$0000000F
    libinit2.o(.ARM.Collect$$libinit$$00000016) refers to libinit2.o(.ARM.Collect$$libinit$$0000000F) for .ARM.Collect$$libinit$$0000000F
    libinit2.o(.ARM.Collect$$libinit$$00000018) refers to libinit2.o(.ARM.Collect$$libinit$$0000000F) for .ARM.Collect$$libinit$$0000000F
    libinit2.o(.ARM.Collect$$libinit$$00000026) refers to argv_veneer.o(.emb_text) for __ARM_argv_veneer
    libinit2.o(.ARM.Collect$$libinit$$00000027) refers to argv_veneer.o(.emb_text) for __ARM_argv_veneer
    rtexit2.o(.ARM.Collect$$rtexit$$00000003) refers to libshutdown.o(.ARM.Collect$$libshutdown$$00000000) for __rt_lib_shutdown
    rtexit2.o(.ARM.Collect$$rtexit$$00000004) refers to sys_exit.o(.text) for _sys_exit
    rtexit2.o(.ARM.exidx) refers to rtexit2.o(.ARM.Collect$$rtexit$$00000001) for .ARM.Collect$$rtexit$$00000001
    rtexit2.o(.ARM.exidx) refers to rtexit2.o(.ARM.Collect$$rtexit$$00000003) for .ARM.Collect$$rtexit$$00000003
    rtexit2.o(.ARM.exidx) refers to rtexit2.o(.ARM.Collect$$rtexit$$00000004) for .ARM.Collect$$rtexit$$00000004
    argv_veneer.o(.emb_text) refers to no_argv.o(.text) for __ARM_get_argv
    sys_exit.o(.text) refers (Special) to use_no_semi.o(.text) for __I$use$semihosting
    sys_exit.o(.text) refers (Special) to indicate_semi.o(.text) for __semihosting_library_function
    _get_argv_nomalloc.o(.text) refers (Special) to hrguard.o(.text) for __heap_region$guard
    _get_argv_nomalloc.o(.text) refers to defsig_rtmem_outer.o(.text) for __rt_SIGRTMEM
    _get_argv_nomalloc.o(.text) refers to sys_command.o(.text) for _sys_command_string
    libshutdown.o(.ARM.Collect$$libshutdown$$00000000) refers (Special) to libshutdown2.o(.ARM.Collect$$libshutdown$$00000002) for __rt_lib_shutdown_cpp_1
    libshutdown.o(.ARM.Collect$$libshutdown$$00000000) refers (Special) to libshutdown2.o(.ARM.Collect$$libshutdown$$00000007) for __rt_lib_shutdown_fp_trap_1
    libshutdown.o(.ARM.Collect$$libshutdown$$00000000) refers (Special) to libshutdown2.o(.ARM.Collect$$libshutdown$$0000000F) for __rt_lib_shutdown_heap_1
    libshutdown.o(.ARM.Collect$$libshutdown$$00000000) refers (Special) to libshutdown2.o(.ARM.Collect$$libshutdown$$00000010) for __rt_lib_shutdown_return
    libshutdown.o(.ARM.Collect$$libshutdown$$00000000) refers (Special) to libshutdown2.o(.ARM.Collect$$libshutdown$$0000000A) for __rt_lib_shutdown_signal_1
    libshutdown.o(.ARM.Collect$$libshutdown$$00000000) refers (Special) to libshutdown2.o(.ARM.Collect$$libshutdown$$00000004) for __rt_lib_shutdown_stdio_1
    libshutdown.o(.ARM.Collect$$libshutdown$$00000000) refers (Special) to libshutdown2.o(.ARM.Collect$$libshutdown$$0000000C) for __rt_lib_shutdown_user_alloc_1
    sys_command.o(.text) refers (Special) to use_no_semi.o(.text) for __I$use$semihosting
    sys_command.o(.text) refers (Special) to indicate_semi.o(.text) for __semihosting_library_function
    defsig_rtmem_outer.o(.text) refers to defsig_rtmem_inner.o(.text) for __rt_SIGRTMEM_inner
    defsig_rtmem_outer.o(.text) refers to defsig_exit.o(.text) for __sig_exit
    defsig_rtmem_formal.o(.text) refers to rt_raise.o(.text) for __rt_raise
    rt_raise.o(.text) refers to __raise.o(.text) for __raise
    rt_raise.o(.text) refers to sys_exit.o(.text) for _sys_exit
    defsig_exit.o(.text) refers to sys_exit.o(.text) for _sys_exit
    defsig_rtmem_inner.o(.text) refers to defsig_general.o(.text) for __default_signal_display
    __raise.o(.text) refers to defsig.o(CL$$defsig) for __default_signal_handler
    defsig_general.o(.text) refers to sys_wrch.o(.text) for _ttywrch
    sys_wrch.o(.text) refers (Special) to use_no_semi.o(.text) for __I$use$semihosting
    sys_wrch.o(.text) refers (Special) to indicate_semi.o(.text) for __semihosting_library_function
    defsig.o(CL$$defsig) refers to defsig_rtmem_inner.o(.text) for __rt_SIGRTMEM_inner
    defsig_abrt_inner.o(.text) refers to defsig_general.o(.text) for __default_signal_display
    defsig_fpe_inner.o(.text) refers to defsig_general.o(.text) for __default_signal_display
    defsig_rtred_inner.o(.text) refers to defsig_general.o(.text) for __default_signal_display
    defsig_stak_inner.o(.text) refers to defsig_general.o(.text) for __default_signal_display
    defsig_pvfn_inner.o(.text) refers to defsig_general.o(.text) for __default_signal_display
    defsig_cppl_inner.o(.text) refers to defsig_general.o(.text) for __default_signal_display
    defsig_segv_inner.o(.text) refers to defsig_general.o(.text) for __default_signal_display
    defsig_other.o(.text) refers to defsig_general.o(.text) for __default_signal_display


==============================================================================

Removing Unused input sections from the image.

    Removing adc.o(i.ADCComparatorConfigure), (10 bytes).
    Removing adc.o(i.ADCComparatorIntClear), (4 bytes).
    Removing adc.o(i.ADCComparatorIntDisable), (14 bytes).
    Removing adc.o(i.ADCComparatorIntEnable), (14 bytes).
    Removing adc.o(i.ADCComparatorIntStatus), (6 bytes).
    Removing adc.o(i.ADCComparatorRegionSet), (16 bytes).
    Removing adc.o(i.ADCComparatorReset), (34 bytes).
    Removing adc.o(i.ADCHardwareOversampleConfigure), (18 bytes).
    Removing adc.o(i.ADCIntClear), (8 bytes).
    Removing adc.o(i.ADCIntDisable), (12 bytes).
    Removing adc.o(i.ADCIntEnable), (18 bytes).
    Removing adc.o(i.ADCIntNumberGet), (60 bytes).
    Removing adc.o(i.ADCIntRegister), (52 bytes).
    Removing adc.o(i.ADCIntStatus), (54 bytes).
    Removing adc.o(i.ADCIntUnregister), (30 bytes).
    Removing adc.o(i.ADCPhaseDelayGet), (6 bytes).
    Removing adc.o(i.ADCPhaseDelaySet), (4 bytes).
    Removing adc.o(i.ADCProcessorTrigger), (24 bytes).
    Removing adc.o(i.ADCReferenceGet), (10 bytes).
    Removing adc.o(i.ADCReferenceSet), (12 bytes).
    Removing adc.o(i.ADCSequenceConfigure), (44 bytes).
    Removing adc.o(i.ADCSequenceDataGet), (34 bytes).
    Removing adc.o(i.ADCSequenceDisable), (12 bytes).
    Removing adc.o(i.ADCSequenceEnable), (12 bytes).
    Removing adc.o(i.ADCSequenceOverflow), (12 bytes).
    Removing adc.o(i.ADCSequenceOverflowClear), (8 bytes).
    Removing adc.o(i.ADCSequenceStepConfigure), (118 bytes).
    Removing adc.o(i.ADCSequenceUnderflow), (12 bytes).
    Removing adc.o(i.ADCSequenceUnderflowClear), (8 bytes).
    Removing adc.o(i.ADCSoftwareOversampleConfigure), (28 bytes).
    Removing adc.o(i.ADCSoftwareOversampleDataGet), (60 bytes).
    Removing adc.o(i.ADCSoftwareOversampleStepConfigure), (116 bytes).
    Removing adc.o(.data), (3 bytes).
    Removing cpu.o(.emb_text), (38 bytes).
    Removing gpio.o(i.GPIOADCTriggerDisable), (12 bytes).
    Removing gpio.o(i.GPIOADCTriggerEnable), (12 bytes).
    Removing gpio.o(i.GPIODMATriggerDisable), (12 bytes).
    Removing gpio.o(i.GPIODMATriggerEnable), (12 bytes).
    Removing gpio.o(i.GPIODirModeGet), (46 bytes).
    Removing gpio.o(i.GPIODirModeSet), (50 bytes).
    Removing gpio.o(i.GPIOIntClear), (6 bytes).
    Removing gpio.o(i.GPIOIntDisable), (12 bytes).
    Removing gpio.o(i.GPIOIntEnable), (12 bytes).
    Removing gpio.o(i.GPIOIntNumberGet), (44 bytes).
    Removing gpio.o(i.GPIOIntRegister), (30 bytes).
    Removing gpio.o(i.GPIOIntStatus), (16 bytes).
    Removing gpio.o(i.GPIOIntTypeGet), (84 bytes).
    Removing gpio.o(i.GPIOIntTypeSet), (102 bytes).
    Removing gpio.o(i.GPIOIntUnregister), (26 bytes).
    Removing gpio.o(i.GPIOPadConfigGet), (146 bytes).
    Removing gpio.o(i.GPIOPadConfigSet), (216 bytes).
    Removing gpio.o(i.GPIOPinConfigure), (80 bytes).
    Removing gpio.o(i.GPIOPinRead), (12 bytes).
    Removing gpio.o(i.GPIOPinTypeADC), (30 bytes).
    Removing gpio.o(i.GPIOPinTypeCAN), (30 bytes).
    Removing gpio.o(i.GPIOPinTypeComparator), (30 bytes).
    Removing gpio.o(i.GPIOPinTypeEPI), (30 bytes).
    Removing gpio.o(i.GPIOPinTypeEthernetLED), (30 bytes).
    Removing gpio.o(i.GPIOPinTypeEthernetMII), (30 bytes).
    Removing gpio.o(i.GPIOPinTypeFan), (30 bytes).
    Removing gpio.o(i.GPIOPinTypeGPIOInput), (30 bytes).
    Removing gpio.o(i.GPIOPinTypeGPIOOutput), (30 bytes).
    Removing gpio.o(i.GPIOPinTypeGPIOOutputOD), (30 bytes).
    Removing gpio.o(i.GPIOPinTypeI2C), (30 bytes).
    Removing gpio.o(i.GPIOPinTypeI2CSCL), (30 bytes).
    Removing gpio.o(i.GPIOPinTypeI2S), (30 bytes).
    Removing gpio.o(i.GPIOPinTypeLPC), (30 bytes).
    Removing gpio.o(i.GPIOPinTypePECIRx), (30 bytes).
    Removing gpio.o(i.GPIOPinTypePECITx), (30 bytes).
    Removing gpio.o(i.GPIOPinTypePWM), (30 bytes).
    Removing gpio.o(i.GPIOPinTypeQEI), (30 bytes).
    Removing gpio.o(i.GPIOPinTypeSSI), (30 bytes).
    Removing gpio.o(i.GPIOPinTypeTimer), (30 bytes).
    Removing gpio.o(i.GPIOPinTypeUART), (30 bytes).
    Removing gpio.o(i.GPIOPinTypeUSBAnalog), (30 bytes).
    Removing gpio.o(i.GPIOPinTypeUSBDigital), (30 bytes).
    Removing gpio.o(i.GPIOPinWrite), (10 bytes).
    Removing gpio.o(.constdata), (312 bytes).
    Removing interrupt.o(i.IntDefaultHandler), (4 bytes).
    Removing interrupt.o(i.IntDisable), (116 bytes).
    Removing interrupt.o(i.IntEnable), (116 bytes).
    Removing interrupt.o(i.IntIsEnabled), (108 bytes).
    Removing interrupt.o(i.IntMasterDisable), (16 bytes).
    Removing interrupt.o(i.IntMasterEnable), (16 bytes).
    Removing interrupt.o(i.IntPendClear), (76 bytes).
    Removing interrupt.o(i.IntPendSet), (96 bytes).
    Removing interrupt.o(i.IntPriorityGet), (28 bytes).
    Removing interrupt.o(i.IntPriorityGroupingGet), (44 bytes).
    Removing interrupt.o(i.IntPriorityGroupingSet), (28 bytes).
    Removing interrupt.o(i.IntPriorityMaskGet), (8 bytes).
    Removing interrupt.o(i.IntPriorityMaskSet), (12 bytes).
    Removing interrupt.o(i.IntPrioritySet), (52 bytes).
    Removing interrupt.o(i.IntRegister), (60 bytes).
    Removing interrupt.o(i.IntTrigger), (16 bytes).
    Removing interrupt.o(i.IntUnregister), (20 bytes).
    Removing interrupt.o(.constdata), (268 bytes).
    Removing interrupt.o(vtable), (620 bytes).
    Removing sysctl.o(.emb_text), (6 bytes).
    Removing sysctl.o(i.SysCtlADCSpeedGet), (16 bytes).
    Removing sysctl.o(i.SysCtlADCSpeedSet), (44 bytes).
    Removing sysctl.o(i.SysCtlClockGet), (264 bytes).
    Removing sysctl.o(i.SysCtlClockSet), (316 bytes).
    Removing sysctl.o(i.SysCtlDeepSleep), (36 bytes).
    Removing sysctl.o(i.SysCtlDeepSleepClockSet), (12 bytes).
    Removing sysctl.o(i.SysCtlFlashSizeGet), (20 bytes).
    Removing sysctl.o(i.SysCtlGPIOAHBDisable), (24 bytes).
    Removing sysctl.o(i.SysCtlGPIOAHBEnable), (24 bytes).
    Removing sysctl.o(i.SysCtlIntClear), (12 bytes).
    Removing sysctl.o(i.SysCtlIntDisable), (16 bytes).
    Removing sysctl.o(i.SysCtlIntEnable), (16 bytes).
    Removing sysctl.o(i.SysCtlIntRegister), (20 bytes).
    Removing sysctl.o(i.SysCtlIntStatus), (20 bytes).
    Removing sysctl.o(i.SysCtlIntUnregister), (16 bytes).
    Removing sysctl.o(i.SysCtlMOSCConfigSet), (12 bytes).
    Removing sysctl.o(i.SysCtlPIOSCCalibrate), (92 bytes).
    Removing sysctl.o(i.SysCtlPWMClockGet), (28 bytes).
    Removing sysctl.o(i.SysCtlPWMClockSet), (20 bytes).
    Removing sysctl.o(i.SysCtlPeripheralClockGating), (36 bytes).
    Removing sysctl.o(i.SysCtlPeripheralDeepSleepDisable), (52 bytes).
    Removing sysctl.o(i.SysCtlPeripheralDeepSleepEnable), (52 bytes).
    Removing sysctl.o(i.SysCtlPeripheralDisable), (52 bytes).
    Removing sysctl.o(i.SysCtlPeripheralEnable), (52 bytes).
    Removing sysctl.o(i.SysCtlPeripheralPowerOff), (52 bytes).
    Removing sysctl.o(i.SysCtlPeripheralPowerOn), (52 bytes).
    Removing sysctl.o(i.SysCtlPeripheralReady), (56 bytes).
    Removing sysctl.o(i.SysCtlPeripheralReset), (112 bytes).
    Removing sysctl.o(i.SysCtlPeripheralSleepDisable), (52 bytes).
    Removing sysctl.o(i.SysCtlPeripheralSleepEnable), (52 bytes).
    Removing sysctl.o(i.SysCtlReset), (20 bytes).
    Removing sysctl.o(i.SysCtlResetCauseClear), (16 bytes).
    Removing sysctl.o(i.SysCtlResetCauseGet), (12 bytes).
    Removing sysctl.o(i.SysCtlSRAMSizeGet), (16 bytes).
    Removing sysctl.o(i.SysCtlSleep), (8 bytes).
    Removing sysctl.o(i.SysCtlUSBPLLDisable), (20 bytes).
    Removing sysctl.o(i.SysCtlUSBPLLEnable), (20 bytes).
    Removing sysctl.o(.constdata), (108 bytes).
    Removing sysctl.o(.data), (17 bytes).
    Removing uart.o(i.UART9BitAddrSend), (44 bytes).
    Removing uart.o(i.UART9BitAddrSet), (10 bytes).
    Removing uart.o(i.UART9BitDisable), (14 bytes).
    Removing uart.o(i.UART9BitEnable), (14 bytes).
    Removing uart.o(i.UARTBreakCtl), (20 bytes).
    Removing uart.o(i.UARTBusy), (10 bytes).
    Removing uart.o(i.UARTCharGetNonBlocking), (20 bytes).
    Removing uart.o(i.UARTCharPutNonBlocking), (20 bytes).
    Removing uart.o(i.UARTCharsAvail), (12 bytes).
    Removing uart.o(i.UARTClockSourceGet), (8 bytes).
    Removing uart.o(i.UARTClockSourceSet), (6 bytes).
    Removing uart.o(i.UARTConfigGetExpClk), (44 bytes).
    Removing uart.o(i.UARTConfigSetExpClk), (76 bytes).
    Removing uart.o(i.UARTDMADisable), (8 bytes).
    Removing uart.o(i.UARTDMAEnable), (8 bytes).
    Removing uart.o(i.UARTDisable), (32 bytes).
    Removing uart.o(i.UARTDisableSIR), (10 bytes).
    Removing uart.o(i.UARTEnable), (20 bytes).
    Removing uart.o(i.UARTEnableSIR), (22 bytes).
    Removing uart.o(i.UARTFIFODisable), (10 bytes).
    Removing uart.o(i.UARTFIFOEnable), (10 bytes).
    Removing uart.o(i.UARTFIFOLevelGet), (18 bytes).
    Removing uart.o(i.UARTFIFOLevelSet), (8 bytes).
    Removing uart.o(i.UARTFlowControlGet), (10 bytes).
    Removing uart.o(i.UARTFlowControlSet), (12 bytes).
    Removing uart.o(i.UARTIntClear), (4 bytes).
    Removing uart.o(i.UARTIntDisable), (8 bytes).
    Removing uart.o(i.UARTIntEnable), (8 bytes).
    Removing uart.o(i.UARTIntNumberGet), (44 bytes).
    Removing uart.o(i.UARTIntRegister), (30 bytes).
    Removing uart.o(i.UARTIntStatus), (12 bytes).
    Removing uart.o(i.UARTIntUnregister), (26 bytes).
    Removing uart.o(i.UARTModemControlClear), (12 bytes).
    Removing uart.o(i.UARTModemControlGet), (10 bytes).
    Removing uart.o(i.UARTModemControlSet), (12 bytes).
    Removing uart.o(i.UARTModemStatusGet), (12 bytes).
    Removing uart.o(i.UARTParityModeGet), (10 bytes).
    Removing uart.o(i.UARTParityModeSet), (12 bytes).
    Removing uart.o(i.UARTRxErrorClear), (6 bytes).
    Removing uart.o(i.UARTRxErrorGet), (10 bytes).
    Removing uart.o(i.UARTSmartCardDisable), (10 bytes).
    Removing uart.o(i.UARTSmartCardEnable), (22 bytes).
    Removing uart.o(i.UARTSpaceAvail), (12 bytes).
    Removing uart.o(i.UARTTxIntModeGet), (10 bytes).
    Removing uart.o(i.UARTTxIntModeSet), (12 bytes).
    Removing uart.o(.constdata), (64 bytes).
    Removing uartstdio.o(i.UARTgetc), (20 bytes).

184 unused section(s) (total 7260 bytes) removed from the image.

==============================================================================

Image Symbol Table

    Local Symbols

    Symbol Name                              Value     Ov Type        Size  Object(Section)

    RESET                                    0x00000000   Section      660  startup.o(RESET)
    ../clib/angel/boardlib.s                 0x00000000   Number         0  boardinit1.o ABSOLUTE
    ../clib/angel/boardlib.s                 0x00000000   Number         0  boardinit2.o ABSOLUTE
    ../clib/angel/boardlib.s                 0x00000000   Number         0  boardinit3.o ABSOLUTE
    ../clib/angel/boardlib.s                 0x00000000   Number         0  boardshut.o ABSOLUTE
    ../clib/angel/handlers.s                 0x00000000   Number         0  __scatter_zi.o ABSOLUTE
    ../clib/angel/handlers.s                 0x00000000   Number         0  __scatter_copy.o ABSOLUTE
    ../clib/angel/kernel.s                   0x00000000   Number         0  __rtentry4.o ABSOLUTE
    ../clib/angel/kernel.s                   0x00000000   Number         0  __rtentry2.o ABSOLUTE
    ../clib/angel/kernel.s                   0x00000000   Number         0  rtexit2.o ABSOLUTE
    ../clib/angel/kernel.s                   0x00000000   Number         0  rtexit.o ABSOLUTE
    ../clib/angel/kernel.s                   0x00000000   Number         0  __rtentry.o ABSOLUTE
    ../clib/angel/rt.s                       0x00000000   Number         0  rt_raise.o ABSOLUTE
    ../clib/angel/scatter.s                  0x00000000   Number         0  __scatter.o ABSOLUTE
    ../clib/angel/startup.s                  0x00000000   Number         0  __main.o ABSOLUTE
    ../clib/angel/sys.s                      0x00000000   Number         0  sys_stackheap_outer.o ABSOLUTE
    ../clib/angel/sys.s                      0x00000000   Number         0  libspace.o ABSOLUTE
    ../clib/angel/sys.s                      0x00000000   Number         0  use_no_semi.o ABSOLUTE
    ../clib/angel/sys.s                      0x00000000   Number         0  indicate_semi.o ABSOLUTE
    ../clib/angel/sysapp.c                   0x00000000   Number         0  sys_exit.o ABSOLUTE
    ../clib/angel/sysapp.c                   0x00000000   Number         0  sys_wrch.o ABSOLUTE
    ../clib/angel/sysapp.c                   0x00000000   Number         0  sys_command.o ABSOLUTE
    ../clib/armsys.c                         0x00000000   Number         0  _get_argv_nomalloc.o ABSOLUTE
    ../clib/armsys.c                         0x00000000   Number         0  argv_veneer.o ABSOLUTE
    ../clib/armsys.c                         0x00000000   Number         0  argv_veneer.o ABSOLUTE
    ../clib/armsys.c                         0x00000000   Number         0  no_argv.o ABSOLUTE
    ../clib/heapalloc.c                      0x00000000   Number         0  hrguard.o ABSOLUTE
    ../clib/heapaux.c                        0x00000000   Number         0  heapauxi.o ABSOLUTE
    ../clib/libinit.s                        0x00000000   Number         0  libshutdown.o ABSOLUTE
    ../clib/libinit.s                        0x00000000   Number         0  libinit.o ABSOLUTE
    ../clib/libinit.s                        0x00000000   Number         0  libinit2.o ABSOLUTE
    ../clib/libinit.s                        0x00000000   Number         0  libshutdown2.o ABSOLUTE
    ../clib/memcpset.s                       0x00000000   Number         0  rt_memclr_w.o ABSOLUTE
    ../clib/memcpset.s                       0x00000000   Number         0  aeabi_memset.o ABSOLUTE
    ../clib/memcpset.s                       0x00000000   Number         0  rt_memclr.o ABSOLUTE
    ../clib/signal.c                         0x00000000   Number         0  defsig_fpe_inner.o ABSOLUTE
    ../clib/signal.c                         0x00000000   Number         0  defsig_abrt_inner.o ABSOLUTE
    ../clib/signal.c                         0x00000000   Number         0  defsig_cppl_inner.o ABSOLUTE
    ../clib/signal.c                         0x00000000   Number         0  __raise.o ABSOLUTE
    ../clib/signal.c                         0x00000000   Number         0  defsig_exit.o ABSOLUTE
    ../clib/signal.c                         0x00000000   Number         0  defsig_segv_inner.o ABSOLUTE
    ../clib/signal.c                         0x00000000   Number         0  defsig_stak_inner.o ABSOLUTE
    ../clib/signal.c                         0x00000000   Number         0  defsig_rtmem_formal.o ABSOLUTE
    ../clib/signal.c                         0x00000000   Number         0  defsig_other.o ABSOLUTE
    ../clib/signal.c                         0x00000000   Number         0  defsig_pvfn_inner.o ABSOLUTE
    ../clib/signal.c                         0x00000000   Number         0  defsig_general.o ABSOLUTE
    ../clib/signal.c                         0x00000000   Number         0  defsig_rtmem_inner.o ABSOLUTE
    ../clib/signal.c                         0x00000000   Number         0  defsig_rtred_inner.o ABSOLUTE
    ../clib/signal.c                         0x00000000   Number         0  defsig_rtmem_outer.o ABSOLUTE
    ../clib/signal.s                         0x00000000   Number         0  defsig.o ABSOLUTE
    ../clib/stdlib.c                         0x00000000   Number         0  exit.o ABSOLUTE
    ../fplib/fpinit.s                        0x00000000   Number         0  fpinit.o ABSOLUTE
    dc.s                                     0x00000000   Number         0  dc.o ABSOLUTE
    driverlib\\cpu.c                         0x00000000   Number         0  cpu.o ABSOLUTE
    driverlib\\sysctl.c                      0x00000000   Number         0  sysctl.o ABSOLUTE
    driverlib\adc.c                          0x00000000   Number         0  adc.o ABSOLUTE
    driverlib\cpu.c                          0x00000000   Number         0  cpu.o ABSOLUTE
    driverlib\gpio.c                         0x00000000   Number         0  gpio.o ABSOLUTE
    driverlib\interrupt.c                    0x00000000   Number         0  interrupt.o ABSOLUTE
    driverlib\sysctl.c                       0x00000000   Number         0  sysctl.o ABSOLUTE
    driverlib\uart.c                         0x00000000   Number         0  uart.o ABSOLUTE
    main.c                                   0x00000000   Number         0  main.o ABSOLUTE
    startup.s                                0x00000000   Number         0  startup.o ABSOLUTE
    utils\uartstdio.c                        0x00000000   Number         0  uartstdio.o ABSOLUTE
    !!!main                                  0x00000294   Section        8  __main.o(!!!main)
    !!!scatter                               0x0000029c   Section       52  __scatter.o(!!!scatter)
    !!handler_copy                           0x000002d0   Section       26  __scatter_copy.o(!!handler_copy)
    !!handler_zi                             0x000002ec   Section       28  __scatter_zi.o(!!handler_zi)
    .ARM.Collect$$libinit$$00000000          0x00000308   Section        2  libinit.o(.ARM.Collect$$libinit$$00000000)
    .ARM.Collect$$libinit$$00000002          0x0000030a   Section        0  libinit2.o(.ARM.Collect$$libinit$$00000002)
    .ARM.Collect$$libinit$$00000004          0x0000030a   Section        0  libinit2.o(.ARM.Collect$$libinit$$00000004)
    .ARM.Collect$$libinit$$0000000A          0x0000030a   Section        0  libinit2.o(.ARM.Collect$$libinit$$0000000A)
    .ARM.Collect$$libinit$$0000000C          0x0000030a   Section        0  libinit2.o(.ARM.Collect$$libinit$$0000000C)
    .ARM.Collect$$libinit$$0000000E          0x0000030a   Section        0  libinit2.o(.ARM.Collect$$libinit$$0000000E)
    .ARM.Collect$$libinit$$00000011          0x0000030a   Section        0  libinit2.o(.ARM.Collect$$libinit$$00000011)
    .ARM.Collect$$libinit$$00000013          0x0000030a   Section        0  libinit2.o(.ARM.Collect$$libinit$$00000013)
    .ARM.Collect$$libinit$$00000015          0x0000030a   Section        0  libinit2.o(.ARM.Collect$$libinit$$00000015)
    .ARM.Collect$$libinit$$00000017          0x0000030a   Section        0  libinit2.o(.ARM.Collect$$libinit$$00000017)
    .ARM.Collect$$libinit$$00000019          0x0000030a   Section        0  libinit2.o(.ARM.Collect$$libinit$$00000019)
    .ARM.Collect$$libinit$$0000001B          0x0000030a   Section        0  libinit2.o(.ARM.Collect$$libinit$$0000001B)
    .ARM.Collect$$libinit$$0000001D          0x0000030a   Section        0  libinit2.o(.ARM.Collect$$libinit$$0000001D)
    .ARM.Collect$$libinit$$0000001F          0x0000030a   Section        0  libinit2.o(.ARM.Collect$$libinit$$0000001F)
    .ARM.Collect$$libinit$$00000021          0x0000030a   Section        0  libinit2.o(.ARM.Collect$$libinit$$00000021)
    .ARM.Collect$$libinit$$00000023          0x0000030a   Section        0  libinit2.o(.ARM.Collect$$libinit$$00000023)
    .ARM.Collect$$libinit$$00000025          0x0000030a   Section        0  libinit2.o(.ARM.Collect$$libinit$$00000025)
    .ARM.Collect$$libinit$$0000002C          0x0000030a   Section        0  libinit2.o(.ARM.Collect$$libinit$$0000002C)
    .ARM.Collect$$libinit$$0000002E          0x0000030a   Section        0  libinit2.o(.ARM.Collect$$libinit$$0000002E)
    .ARM.Collect$$libinit$$00000030          0x0000030a   Section        0  libinit2.o(.ARM.Collect$$libinit$$00000030)
    .ARM.Collect$$libinit$$00000032          0x0000030a   Section        0  libinit2.o(.ARM.Collect$$libinit$$00000032)
    .ARM.Collect$$libinit$$00000033          0x0000030a   Section        2  libinit2.o(.ARM.Collect$$libinit$$00000033)
    .ARM.Collect$$libshutdown$$00000000      0x0000030c   Section        2  libshutdown.o(.ARM.Collect$$libshutdown$$00000000)
    .ARM.Collect$$libshutdown$$00000002      0x0000030e   Section        0  libshutdown2.o(.ARM.Collect$$libshutdown$$00000002)
    .ARM.Collect$$libshutdown$$00000004      0x0000030e   Section        0  libshutdown2.o(.ARM.Collect$$libshutdown$$00000004)
    .ARM.Collect$$libshutdown$$00000007      0x0000030e   Section        0  libshutdown2.o(.ARM.Collect$$libshutdown$$00000007)
    .ARM.Collect$$libshutdown$$0000000A      0x0000030e   Section        0  libshutdown2.o(.ARM.Collect$$libshutdown$$0000000A)
    .ARM.Collect$$libshutdown$$0000000C      0x0000030e   Section        0  libshutdown2.o(.ARM.Collect$$libshutdown$$0000000C)
    .ARM.Collect$$libshutdown$$0000000F      0x0000030e   Section        0  libshutdown2.o(.ARM.Collect$$libshutdown$$0000000F)
    .ARM.Collect$$libshutdown$$00000010      0x0000030e   Section        2  libshutdown2.o(.ARM.Collect$$libshutdown$$00000010)
    .ARM.Collect$$rtentry$$00000000          0x00000310   Section        0  __rtentry.o(.ARM.Collect$$rtentry$$00000000)
    .ARM.Collect$$rtentry$$00000002          0x00000310   Section        0  __rtentry2.o(.ARM.Collect$$rtentry$$00000002)
    .ARM.Collect$$rtentry$$00000004          0x00000310   Section        6  __rtentry4.o(.ARM.Collect$$rtentry$$00000004)
    .ARM.Collect$$rtentry$$00000009          0x00000316   Section        0  __rtentry2.o(.ARM.Collect$$rtentry$$00000009)
    .ARM.Collect$$rtentry$$0000000A          0x00000316   Section        4  __rtentry2.o(.ARM.Collect$$rtentry$$0000000A)
    .ARM.Collect$$rtentry$$0000000C          0x0000031a   Section        0  __rtentry2.o(.ARM.Collect$$rtentry$$0000000C)
    .ARM.Collect$$rtentry$$0000000D          0x0000031a   Section        8  __rtentry2.o(.ARM.Collect$$rtentry$$0000000D)
    .ARM.Collect$$rtexit$$00000000           0x00000322   Section        2  rtexit.o(.ARM.Collect$$rtexit$$00000000)
    .ARM.Collect$$rtexit$$00000002           0x00000324   Section        0  rtexit2.o(.ARM.Collect$$rtexit$$00000002)
    .ARM.Collect$$rtexit$$00000003           0x00000324   Section        4  rtexit2.o(.ARM.Collect$$rtexit$$00000003)
    .ARM.Collect$$rtexit$$00000004           0x00000328   Section        6  rtexit2.o(.ARM.Collect$$rtexit$$00000004)
    .text                                    0x00000330   Section       48  startup.o(.text)
    .text                                    0x00000360   Section       16  aeabi_memset.o(.text)
    .text                                    0x00000370   Section        0  heapauxi.o(.text)
    .text                                    0x00000376   Section       68  rt_memclr.o(.text)
    .text                                    0x000003ba   Section       78  rt_memclr_w.o(.text)
    .text                                    0x00000408   Section       74  sys_stackheap_outer.o(.text)
    .text                                    0x00000452   Section        0  exit.o(.text)
    .text                                    0x00000464   Section        8  libspace.o(.text)
    .text                                    0x0000046c   Section        0  sys_exit.o(.text)
    .text                                    0x00000478   Section        2  use_no_semi.o(.text)
    .text                                    0x0000047a   Section        0  indicate_semi.o(.text)
    i.InitConsole                            0x0000047c   Section        0  main.o(i.InitConsole)
    i.PrintTime                              0x00000520   Section        0  main.o(i.PrintTime)
    i.SysCtlPeripheralPresent                0x000005d4   Section        0  sysctl.o(i.SysCtlPeripheralPresent)
    i.SysTickInit                            0x0000060c   Section        0  main.o(i.SysTickInit)
    i.SysTick_Handler                        0x0000063c   Section        0  main.o(i.SysTick_Handler)
    i.ToTime                                 0x00000660   Section        0  main.o(i.ToTime)
    i.UARTCharGet                            0x00000690   Section        0  uart.o(i.UARTCharGet)
    i.UARTCharPut                            0x000006a2   Section        0  uart.o(i.UARTCharPut)
    i.UARTStdioConfig                        0x000006b4   Section        0  uartstdio.o(i.UARTStdioConfig)
    i.UARTgets                               0x000006e4   Section        0  uartstdio.o(i.UARTgets)
    i.UARTprintf                             0x00000774   Section        0  uartstdio.o(i.UARTprintf)
    i.UARTvprintf                            0x00000790   Section        0  uartstdio.o(i.UARTvprintf)
    i.UARTwrite                              0x000009e0   Section        0  uartstdio.o(i.UARTwrite)
    i.main                                   0x00000a14   Section        0  main.o(i.main)
    i.myGetChar                              0x00000c1c   Section        0  main.o(i.myGetChar)
    i.myPutChar                              0x00000c38   Section        0  main.o(i.myPutChar)
    .constdata                               0x00000c50   Section       28  uartstdio.o(.constdata)
    g_pcHex                                  0x00000c50   Data           4  uartstdio.o(.constdata)
    g_ui32UARTBase                           0x00000c54   Data          12  uartstdio.o(.constdata)
    g_ui32UARTPeriph                         0x00000c60   Data          12  uartstdio.o(.constdata)
    .conststring                             0x00000c6c   Section       17  uartstdio.o(.conststring)
    .data                                    0x20000000   Section        4  main.o(.data)
    .data                                    0x20000004   Section        5  uartstdio.o(.data)
    g_ui32Base                               0x20000004   Data           4  uartstdio.o(.data)
    bLastWasCR                               0x20000008   Data           1  uartstdio.o(.data)
    .bss                                     0x2000000c   Section       96  libspace.o(.bss)
    HEAP                                     0x20000070   Section        0  startup.o(HEAP)
    STACK                                    0x20000070   Section     1024  startup.o(STACK)
    HeapMem                                  0x20000070   Data           0  startup.o(HEAP)
    StackMem                                 0x20000070   Data           0  startup.o(STACK)

    Global Symbols

    Symbol Name                              Value     Ov Type        Size  Object(Section)

    BuildAttributes$$THM_ISAv4$E$P$D$K$B$S$7EM$PE$A:L22UL41UL21$X:L11$S22US41US21$IEEE1$IW$USESV6$~STKCKD$USESV7$~SHL$OSPACE$ROPI$EBA8$UX$STANDARDLIB$REQ8$PRES8$EABIv2 0x00000000   Number         0  anon$$obj.o ABSOLUTE
    __ARM_use_no_argv                        0x00000000   Number         0  main.o ABSOLUTE
    __Vectors                                0x00000000   Data           0  startup.o(RESET)
    __ARM_exceptions_init                     - Undefined Weak Reference
    __alloca_initialize                       - Undefined Weak Reference
    __arm_preinit_                            - Undefined Weak Reference
    __cpp_initialize__aeabi_                  - Undefined Weak Reference
    __cxa_finalize                            - Undefined Weak Reference
    __rt_locale                               - Undefined Weak Reference
    __sigvec_lookup                           - Undefined Weak Reference
    _atexit_init                              - Undefined Weak Reference
    _call_atexit_fns                          - Undefined Weak Reference
    _clock_init                               - Undefined Weak Reference
    _fp_trap_init                             - Undefined Weak Reference
    _fp_trap_shutdown                         - Undefined Weak Reference
    _get_lc_collate                           - Undefined Weak Reference
    _get_lc_ctype                             - Undefined Weak Reference
    _get_lc_monetary                          - Undefined Weak Reference
    _get_lc_numeric                           - Undefined Weak Reference
    _get_lc_time                              - Undefined Weak Reference
    _getenv_init                              - Undefined Weak Reference
    _handle_redirection                       - Undefined Weak Reference
    _init_alloc                               - Undefined Weak Reference
    _init_user_alloc                          - Undefined Weak Reference
    _initio                                   - Undefined Weak Reference
    _rand_init                                - Undefined Weak Reference
    _signal_finish                            - Undefined Weak Reference
    _signal_init                              - Undefined Weak Reference
    _terminate_alloc                          - Undefined Weak Reference
    _terminate_user_alloc                     - Undefined Weak Reference
    _terminateio                              - Undefined Weak Reference
    Reset_Handler                            0x0000026d   Thumb Code     0  startup.o(RESET)
    NMI_Handler                              0x00000281   Thumb Code     2  startup.o(RESET)
    HardFault_Handler                        0x00000283   Thumb Code     2  startup.o(RESET)
    MemManage_Handler                        0x00000285   Thumb Code     2  startup.o(RESET)
    BusFault_Handler                         0x00000287   Thumb Code     2  startup.o(RESET)
    UsageFault_Handler                       0x00000289   Thumb Code     2  startup.o(RESET)
    SVC_Handler                              0x0000028b   Thumb Code     2  startup.o(RESET)
    DebugMon_Handler                         0x0000028d   Thumb Code     2  startup.o(RESET)
    PendSV_Handler                           0x0000028f   Thumb Code     2  startup.o(RESET)
    ADC0Seq0_Handler                         0x00000293   Thumb Code     0  startup.o(RESET)
    ADC0Seq1_Handler                         0x00000293   Thumb Code     0  startup.o(RESET)
    ADC0Seq2_Handler                         0x00000293   Thumb Code     0  startup.o(RESET)
    ADC0Seq3_Handler                         0x00000293   Thumb Code     0  startup.o(RESET)
    ADC1Seq0_Handler                         0x00000293   Thumb Code     0  startup.o(RESET)
    ADC1Seq1_Handler                         0x00000293   Thumb Code     0  startup.o(RESET)
    ADC1Seq2_Handler                         0x00000293   Thumb Code     0  startup.o(RESET)
    ADC1Seq3_Handler                         0x00000293   Thumb Code     0  startup.o(RESET)
    CAN0_Handler                             0x00000293   Thumb Code     0  startup.o(RESET)
    CAN1_Handler                             0x00000293   Thumb Code     0  startup.o(RESET)
    CAN2_Handler                             0x00000293   Thumb Code     0  startup.o(RESET)
    Comp0_Handler                            0x00000293   Thumb Code     0  startup.o(RESET)
    Comp1_Handler                            0x00000293   Thumb Code     0  startup.o(RESET)
    Comp2_Handler                            0x00000293   Thumb Code     0  startup.o(RESET)
    Ethernet_Handler                         0x00000293   Thumb Code     0  startup.o(RESET)
    ExtBus_Handler                           0x00000293   Thumb Code     0  startup.o(RESET)
    FPU_Handler                              0x00000293   Thumb Code     0  startup.o(RESET)
    Fan0_Handler                             0x00000293   Thumb Code     0  startup.o(RESET)
    FlashCtl_Handler                         0x00000293   Thumb Code     0  startup.o(RESET)
    GPIOPortA_Handler                        0x00000293   Thumb Code     0  startup.o(RESET)
    GPIOPortB_Handler                        0x00000293   Thumb Code     0  startup.o(RESET)
    GPIOPortC_Handler                        0x00000293   Thumb Code     0  startup.o(RESET)
    GPIOPortD_Handler                        0x00000293   Thumb Code     0  startup.o(RESET)
    GPIOPortE_Handler                        0x00000293   Thumb Code     0  startup.o(RESET)
    GPIOPortF_Handler                        0x00000293   Thumb Code     0  startup.o(RESET)
    GPIOPortG_Handler                        0x00000293   Thumb Code     0  startup.o(RESET)
    GPIOPortH_Handler                        0x00000293   Thumb Code     0  startup.o(RESET)
    GPIOPortJ_Handler                        0x00000293   Thumb Code     0  startup.o(RESET)
    GPIOPortK_Handler                        0x00000293   Thumb Code     0  startup.o(RESET)
    GPIOPortL_Handler                        0x00000293   Thumb Code     0  startup.o(RESET)
    GPIOPortM_Handler                        0x00000293   Thumb Code     0  startup.o(RESET)
    GPIOPortN_Handler                        0x00000293   Thumb Code     0  startup.o(RESET)
    GPIOPortP1_Handler                       0x00000293   Thumb Code     0  startup.o(RESET)
    GPIOPortP2_Handler                       0x00000293   Thumb Code     0  startup.o(RESET)
    GPIOPortP3_Handler                       0x00000293   Thumb Code     0  startup.o(RESET)
    GPIOPortP4_Handler                       0x00000293   Thumb Code     0  startup.o(RESET)
    GPIOPortP5_Handler                       0x00000293   Thumb Code     0  startup.o(RESET)
    GPIOPortP6_Handler                       0x00000293   Thumb Code     0  startup.o(RESET)
    GPIOPortP7_Handler                       0x00000293   Thumb Code     0  startup.o(RESET)
    GPIOPortP_Handler                        0x00000293   Thumb Code     0  startup.o(RESET)
    GPIOPortQ1_Handler                       0x00000293   Thumb Code     0  startup.o(RESET)
    GPIOPortQ2_Handler                       0x00000293   Thumb Code     0  startup.o(RESET)
    GPIOPortQ3_Handler                       0x00000293   Thumb Code     0  startup.o(RESET)
    GPIOPortQ4_Handler                       0x00000293   Thumb Code     0  startup.o(RESET)
    GPIOPortQ5_Handler                       0x00000293   Thumb Code     0  startup.o(RESET)
    GPIOPortQ6_Handler                       0x00000293   Thumb Code     0  startup.o(RESET)
    GPIOPortQ7_Handler                       0x00000293   Thumb Code     0  startup.o(RESET)
    GPIOPortQ_Handler                        0x00000293   Thumb Code     0  startup.o(RESET)
    GPIOPortR_Handler                        0x00000293   Thumb Code     0  startup.o(RESET)
    GPIOPortS_Handler                        0x00000293   Thumb Code     0  startup.o(RESET)
    Hibernate_Handler                        0x00000293   Thumb Code     0  startup.o(RESET)
    I2C0_Handler                             0x00000293   Thumb Code     0  startup.o(RESET)
    I2C1_Handler                             0x00000293   Thumb Code     0  startup.o(RESET)
    I2C2_Handler                             0x00000293   Thumb Code     0  startup.o(RESET)
    I2C3_Handler                             0x00000293   Thumb Code     0  startup.o(RESET)
    I2C4_Handler                             0x00000293   Thumb Code     0  startup.o(RESET)
    I2C5_Handler                             0x00000293   Thumb Code     0  startup.o(RESET)
    I2S0_Handler                             0x00000293   Thumb Code     0  startup.o(RESET)
    LPC0_Handler                             0x00000293   Thumb Code     0  startup.o(RESET)
    PECI0_Handler                            0x00000293   Thumb Code     0  startup.o(RESET)
    PWM0Fault_Handler                        0x00000293   Thumb Code     0  startup.o(RESET)
    PWM0Generator0_Handler                   0x00000293   Thumb Code     0  startup.o(RESET)
    PWM0Generator1_Handler                   0x00000293   Thumb Code     0  startup.o(RESET)
    PWM0Generator2_Handler                   0x00000293   Thumb Code     0  startup.o(RESET)
    PWM0Generator3_Handler                   0x00000293   Thumb Code     0  startup.o(RESET)
    PWM1Fault_Handler                        0x00000293   Thumb Code     0  startup.o(RESET)
    PWM1Generator0_Handler                   0x00000293   Thumb Code     0  startup.o(RESET)
    PWM1Generator1_Handler                   0x00000293   Thumb Code     0  startup.o(RESET)
    PWM1Generator2_Handler                   0x00000293   Thumb Code     0  startup.o(RESET)
    PWM1Generator3_Handler                   0x00000293   Thumb Code     0  startup.o(RESET)
    Quadrature0_Handler                      0x00000293   Thumb Code     0  startup.o(RESET)
    Quadrature1_Handler                      0x00000293   Thumb Code     0  startup.o(RESET)
    Quadrature2_Handler                      0x00000293   Thumb Code     0  startup.o(RESET)
    SSI0_Handler                             0x00000293   Thumb Code     0  startup.o(RESET)
    SSI1_Handler                             0x00000293   Thumb Code     0  startup.o(RESET)
    SSI2_Handler                             0x00000293   Thumb Code     0  startup.o(RESET)
    SSI3_Handler                             0x00000293   Thumb Code     0  startup.o(RESET)
    SysCtl_Handler                           0x00000293   Thumb Code     0  startup.o(RESET)
    Timer0A_Handler                          0x00000293   Thumb Code     0  startup.o(RESET)
    Timer0B_Handler                          0x00000293   Thumb Code     0  startup.o(RESET)
    Timer1A_Handler                          0x00000293   Thumb Code     0  startup.o(RESET)
    Timer1B_Handler                          0x00000293   Thumb Code     0  startup.o(RESET)
    Timer2A_Handler                          0x00000293   Thumb Code     0  startup.o(RESET)
    Timer2B_Handler                          0x00000293   Thumb Code     0  startup.o(RESET)
    Timer3A_Handler                          0x00000293   Thumb Code     0  startup.o(RESET)
    Timer3B_Handler                          0x00000293   Thumb Code     0  startup.o(RESET)
    Timer4A_Handler                          0x00000293   Thumb Code     0  startup.o(RESET)
    Timer4B_Handler                          0x00000293   Thumb Code     0  startup.o(RESET)
    Timer5A_Handler                          0x00000293   Thumb Code     0  startup.o(RESET)
    Timer5B_Handler                          0x00000293   Thumb Code     0  startup.o(RESET)
    UART0_Handler                            0x00000293   Thumb Code     0  startup.o(RESET)
    UART1_Handler                            0x00000293   Thumb Code     0  startup.o(RESET)
    UART2_Handler                            0x00000293   Thumb Code     0  startup.o(RESET)
    UART3_Handler                            0x00000293   Thumb Code     0  startup.o(RESET)
    UART4_Handler                            0x00000293   Thumb Code     0  startup.o(RESET)
    UART5_Handler                            0x00000293   Thumb Code     0  startup.o(RESET)
    UART6_Handler                            0x00000293   Thumb Code     0  startup.o(RESET)
    UART7_Handler                            0x00000293   Thumb Code     0  startup.o(RESET)
    USB0_Handler                             0x00000293   Thumb Code     0  startup.o(RESET)
    WDT_Handler                              0x00000293   Thumb Code     0  startup.o(RESET)
    WideTimer0A_Handler                      0x00000293   Thumb Code     0  startup.o(RESET)
    WideTimer0B_Handler                      0x00000293   Thumb Code     0  startup.o(RESET)
    WideTimer1A_Handler                      0x00000293   Thumb Code     0  startup.o(RESET)
    WideTimer1B_Handler                      0x00000293   Thumb Code     0  startup.o(RESET)
    WideTimer2A_Handler                      0x00000293   Thumb Code     0  startup.o(RESET)
    WideTimer2B_Handler                      0x00000293   Thumb Code     0  startup.o(RESET)
    WideTimer3A_Handler                      0x00000293   Thumb Code     0  startup.o(RESET)
    WideTimer3B_Handler                      0x00000293   Thumb Code     0  startup.o(RESET)
    WideTimer4A_Handler                      0x00000293   Thumb Code     0  startup.o(RESET)
    WideTimer4B_Handler                      0x00000293   Thumb Code     0  startup.o(RESET)
    WideTimer5A_Handler                      0x00000293   Thumb Code     0  startup.o(RESET)
    WideTimer5B_Handler                      0x00000293   Thumb Code     0  startup.o(RESET)
    uDMA_Error                               0x00000293   Thumb Code     0  startup.o(RESET)
    uDMA_Handler                             0x00000293   Thumb Code     0  startup.o(RESET)
    __main                                   0x00000295   Thumb Code     8  __main.o(!!!main)
    __scatterload                            0x0000029d   Thumb Code     0  __scatter.o(!!!scatter)
    __scatterload_rt2                        0x0000029d   Thumb Code    44  __scatter.o(!!!scatter)
    __scatterload_rt2_thumb_only             0x0000029d   Thumb Code     0  __scatter.o(!!!scatter)
    __scatterload_null                       0x000002ab   Thumb Code     0  __scatter.o(!!!scatter)
    __scatterload_copy                       0x000002d1   Thumb Code    26  __scatter_copy.o(!!handler_copy)
    __scatterload_zeroinit                   0x000002ed   Thumb Code    28  __scatter_zi.o(!!handler_zi)
    __rt_lib_init                            0x00000309   Thumb Code     0  libinit.o(.ARM.Collect$$libinit$$00000000)
    __rt_lib_init_alloca_1                   0x0000030b   Thumb Code     0  libinit2.o(.ARM.Collect$$libinit$$0000002E)
    __rt_lib_init_argv_1                     0x0000030b   Thumb Code     0  libinit2.o(.ARM.Collect$$libinit$$0000002C)
    __rt_lib_init_atexit_1                   0x0000030b   Thumb Code     0  libinit2.o(.ARM.Collect$$libinit$$0000001B)
    __rt_lib_init_clock_1                    0x0000030b   Thumb Code     0  libinit2.o(.ARM.Collect$$libinit$$00000021)
    __rt_lib_init_cpp_1                      0x0000030b   Thumb Code     0  libinit2.o(.ARM.Collect$$libinit$$00000032)
    __rt_lib_init_exceptions_1               0x0000030b   Thumb Code     0  libinit2.o(.ARM.Collect$$libinit$$00000030)
    __rt_lib_init_fp_1                       0x0000030b   Thumb Code     0  libinit2.o(.ARM.Collect$$libinit$$00000002)
    __rt_lib_init_fp_trap_1                  0x0000030b   Thumb Code     0  libinit2.o(.ARM.Collect$$libinit$$0000001F)
    __rt_lib_init_getenv_1                   0x0000030b   Thumb Code     0  libinit2.o(.ARM.Collect$$libinit$$00000023)
    __rt_lib_init_heap_1                     0x0000030b   Thumb Code     0  libinit2.o(.ARM.Collect$$libinit$$0000000A)
    __rt_lib_init_lc_collate_1               0x0000030b   Thumb Code     0  libinit2.o(.ARM.Collect$$libinit$$00000011)
    __rt_lib_init_lc_ctype_1                 0x0000030b   Thumb Code     0  libinit2.o(.ARM.Collect$$libinit$$00000013)
    __rt_lib_init_lc_monetary_1              0x0000030b   Thumb Code     0  libinit2.o(.ARM.Collect$$libinit$$00000015)
    __rt_lib_init_lc_numeric_1               0x0000030b   Thumb Code     0  libinit2.o(.ARM.Collect$$libinit$$00000017)
    __rt_lib_init_lc_time_1                  0x0000030b   Thumb Code     0  libinit2.o(.ARM.Collect$$libinit$$00000019)
    __rt_lib_init_preinit_1                  0x0000030b   Thumb Code     0  libinit2.o(.ARM.Collect$$libinit$$00000004)
    __rt_lib_init_rand_1                     0x0000030b   Thumb Code     0  libinit2.o(.ARM.Collect$$libinit$$0000000E)
    __rt_lib_init_return                     0x0000030b   Thumb Code     0  libinit2.o(.ARM.Collect$$libinit$$00000033)
    __rt_lib_init_signal_1                   0x0000030b   Thumb Code     0  libinit2.o(.ARM.Collect$$libinit$$0000001D)
    __rt_lib_init_stdio_1                    0x0000030b   Thumb Code     0  libinit2.o(.ARM.Collect$$libinit$$00000025)
    __rt_lib_init_user_alloc_1               0x0000030b   Thumb Code     0  libinit2.o(.ARM.Collect$$libinit$$0000000C)
    __rt_lib_shutdown                        0x0000030d   Thumb Code     0  libshutdown.o(.ARM.Collect$$libshutdown$$00000000)
    __rt_lib_shutdown_cpp_1                  0x0000030f   Thumb Code     0  libshutdown2.o(.ARM.Collect$$libshutdown$$00000002)
    __rt_lib_shutdown_fp_trap_1              0x0000030f   Thumb Code     0  libshutdown2.o(.ARM.Collect$$libshutdown$$00000007)
    __rt_lib_shutdown_heap_1                 0x0000030f   Thumb Code     0  libshutdown2.o(.ARM.Collect$$libshutdown$$0000000F)
    __rt_lib_shutdown_return                 0x0000030f   Thumb Code     0  libshutdown2.o(.ARM.Collect$$libshutdown$$00000010)
    __rt_lib_shutdown_signal_1               0x0000030f   Thumb Code     0  libshutdown2.o(.ARM.Collect$$libshutdown$$0000000A)
    __rt_lib_shutdown_stdio_1                0x0000030f   Thumb Code     0  libshutdown2.o(.ARM.Collect$$libshutdown$$00000004)
    __rt_lib_shutdown_user_alloc_1           0x0000030f   Thumb Code     0  libshutdown2.o(.ARM.Collect$$libshutdown$$0000000C)
    __rt_entry                               0x00000311   Thumb Code     0  __rtentry.o(.ARM.Collect$$rtentry$$00000000)
    __rt_entry_presh_1                       0x00000311   Thumb Code     0  __rtentry2.o(.ARM.Collect$$rtentry$$00000002)
    __rt_entry_sh                            0x00000311   Thumb Code     0  __rtentry4.o(.ARM.Collect$$rtentry$$00000004)
    __rt_entry_li                            0x00000317   Thumb Code     0  __rtentry2.o(.ARM.Collect$$rtentry$$0000000A)
    __rt_entry_postsh_1                      0x00000317   Thumb Code     0  __rtentry2.o(.ARM.Collect$$rtentry$$00000009)
    __rt_entry_main                          0x0000031b   Thumb Code     0  __rtentry2.o(.ARM.Collect$$rtentry$$0000000D)
    __rt_entry_postli_1                      0x0000031b   Thumb Code     0  __rtentry2.o(.ARM.Collect$$rtentry$$0000000C)
    __rt_exit                                0x00000323   Thumb Code     0  rtexit.o(.ARM.Collect$$rtexit$$00000000)
    __rt_exit_ls                             0x00000325   Thumb Code     0  rtexit2.o(.ARM.Collect$$rtexit$$00000003)
    __rt_exit_prels_1                        0x00000325   Thumb Code     0  rtexit2.o(.ARM.Collect$$rtexit$$00000002)
    __rt_exit_exit                           0x00000329   Thumb Code     0  rtexit2.o(.ARM.Collect$$rtexit$$00000004)
    DisableInterrupts                        0x00000331   Thumb Code     0  startup.o(.text)
    EnableInterrupts                         0x00000335   Thumb Code     0  startup.o(.text)
    StartCritical                            0x00000339   Thumb Code     0  startup.o(.text)
    EndCritical                              0x00000341   Thumb Code     0  startup.o(.text)
    WaitForInterrupt                         0x00000347   Thumb Code     0  startup.o(.text)
    __user_initial_stackheap                 0x0000034b   Thumb Code     0  startup.o(.text)
    __aeabi_memset                           0x00000361   Thumb Code    16  aeabi_memset.o(.text)
    __use_two_region_memory                  0x00000371   Thumb Code     2  heapauxi.o(.text)
    __rt_heap_escrow$2region                 0x00000373   Thumb Code     2  heapauxi.o(.text)
    __rt_heap_expand$2region                 0x00000375   Thumb Code     2  heapauxi.o(.text)
    __aeabi_memclr                           0x00000377   Thumb Code     0  rt_memclr.o(.text)
    __rt_memclr                              0x00000377   Thumb Code    68  rt_memclr.o(.text)
    _memset                                  0x0000037b   Thumb Code     0  rt_memclr.o(.text)
    __aeabi_memclr4                          0x000003bb   Thumb Code     0  rt_memclr_w.o(.text)
    __aeabi_memclr8                          0x000003bb   Thumb Code     0  rt_memclr_w.o(.text)
    __rt_memclr_w                            0x000003bb   Thumb Code    78  rt_memclr_w.o(.text)
    _memset_w                                0x000003bf   Thumb Code     0  rt_memclr_w.o(.text)
    __user_setup_stackheap                   0x00000409   Thumb Code    74  sys_stackheap_outer.o(.text)
    exit                                     0x00000453   Thumb Code    18  exit.o(.text)
    __user_libspace                          0x00000465   Thumb Code     8  libspace.o(.text)
    __user_perproc_libspace                  0x00000465   Thumb Code     0  libspace.o(.text)
    __user_perthread_libspace                0x00000465   Thumb Code     0  libspace.o(.text)
    _sys_exit                                0x0000046d   Thumb Code     8  sys_exit.o(.text)
    __I$use$semihosting                      0x00000479   Thumb Code     0  use_no_semi.o(.text)
    __use_no_semihosting_swi                 0x00000479   Thumb Code     2  use_no_semi.o(.text)
    __semihosting_library_function           0x0000047b   Thumb Code     0  indicate_semi.o(.text)
    InitConsole                              0x0000047d   Thumb Code   138  main.o(i.InitConsole)
    PrintTime                                0x00000521   Thumb Code   174  main.o(i.PrintTime)
    SysCtlPeripheralPresent                  0x000005d5   Thumb Code    52  sysctl.o(i.SysCtlPeripheralPresent)
    SysTickInit                              0x0000060d   Thumb Code    38  main.o(i.SysTickInit)
    SysTick_Handler                          0x0000063d   Thumb Code    28  main.o(i.SysTick_Handler)
    ToTime                                   0x00000661   Thumb Code    48  main.o(i.ToTime)
    UARTCharGet                              0x00000691   Thumb Code    18  uart.o(i.UARTCharGet)
    UARTCharPut                              0x000006a3   Thumb Code    16  uart.o(i.UARTCharPut)
    UARTStdioConfig                          0x000006b5   Thumb Code    36  uartstdio.o(i.UARTStdioConfig)
    UARTgets                                 0x000006e5   Thumb Code   126  uartstdio.o(i.UARTgets)
    UARTprintf                               0x00000775   Thumb Code    26  uartstdio.o(i.UARTprintf)
    UARTvprintf                              0x00000791   Thumb Code   574  uartstdio.o(i.UARTvprintf)
    UARTwrite                                0x000009e1   Thumb Code    46  uartstdio.o(i.UARTwrite)
    main                                     0x00000a15   Thumb Code   158  main.o(i.main)
    myGetChar                                0x00000c1d   Thumb Code    24  main.o(i.myGetChar)
    myPutChar                                0x00000c39   Thumb Code    20  main.o(i.myPutChar)
    Region$$Table$$Base                      0x00000c80   Number         0  anon$$obj.o(Region$$Table)
    Region$$Table$$Limit                     0x00000ca0   Number         0  anon$$obj.o(Region$$Table)
    g_seconds                                0x20000000   Data           4  main.o(.data)
    __libspace_start                         0x2000000c   Data          96  libspace.o(.bss)
    __temporary_stack_top$libspace           0x2000006c   Data           0  libspace.o(.bss)



==============================================================================

Memory Map of the image

  Image Entry point : 0x0000026d

  Load Region LR_1 (Base: 0x00000000, Size: 0x00000cac, Max: 0xffffffff, ABSOLUTE)

    Execution Region ER_RO (Exec base: 0x00000000, Load base: 0x00000000, Size: 0x00000ca0, Max: 0xffffffff, ABSOLUTE)

    Exec Addr    Load Addr    Size         Type   Attr      Idx    E Section Name        Object

    0x00000000   0x00000000   0x00000294   Code   RO           98  * RESET               startup.o
    0x00000294   0x00000294   0x00000008   Code   RO         1354  * !!!main             c_w.l(__main.o)
    0x0000029c   0x0000029c   0x00000034   Code   RO         1515    !!!scatter          c_w.l(__scatter.o)
    0x000002d0   0x000002d0   0x0000001a   Code   RO         1517    !!handler_copy      c_w.l(__scatter_copy.o)
    0x000002ea   0x000002ea   0x00000002   PAD
    0x000002ec   0x000002ec   0x0000001c   Code   RO         1519    !!handler_zi        c_w.l(__scatter_zi.o)
    0x00000308   0x00000308   0x00000002   Code   RO         1385    .ARM.Collect$$libinit$$00000000  c_w.l(libinit.o)
    0x0000030a   0x0000030a   0x00000000   Code   RO         1392    .ARM.Collect$$libinit$$00000002  c_w.l(libinit2.o)
    0x0000030a   0x0000030a   0x00000000   Code   RO         1394    .ARM.Collect$$libinit$$00000004  c_w.l(libinit2.o)
    0x0000030a   0x0000030a   0x00000000   Code   RO         1397    .ARM.Collect$$libinit$$0000000A  c_w.l(libinit2.o)
    0x0000030a   0x0000030a   0x00000000   Code   RO         1399    .ARM.Collect$$libinit$$0000000C  c_w.l(libinit2.o)
    0x0000030a   0x0000030a   0x00000000   Code   RO         1401    .ARM.Collect$$libinit$$0000000E  c_w.l(libinit2.o)
    0x0000030a   0x0000030a   0x00000000   Code   RO         1404    .ARM.Collect$$libinit$$00000011  c_w.l(libinit2.o)
    0x0000030a   0x0000030a   0x00000000   Code   RO         1406    .ARM.Collect$$libinit$$00000013  c_w.l(libinit2.o)
    0x0000030a   0x0000030a   0x00000000   Code   RO         1408    .ARM.Collect$$libinit$$00000015  c_w.l(libinit2.o)
    0x0000030a   0x0000030a   0x00000000   Code   RO         1410    .ARM.Collect$$libinit$$00000017  c_w.l(libinit2.o)
    0x0000030a   0x0000030a   0x00000000   Code   RO         1412    .ARM.Collect$$libinit$$00000019  c_w.l(libinit2.o)
    0x0000030a   0x0000030a   0x00000000   Code   RO         1414    .ARM.Collect$$libinit$$0000001B  c_w.l(libinit2.o)
    0x0000030a   0x0000030a   0x00000000   Code   RO         1416    .ARM.Collect$$libinit$$0000001D  c_w.l(libinit2.o)
    0x0000030a   0x0000030a   0x00000000   Code   RO         1418    .ARM.Collect$$libinit$$0000001F  c_w.l(libinit2.o)
    0x0000030a   0x0000030a   0x00000000   Code   RO         1420    .ARM.Collect$$libinit$$00000021  c_w.l(libinit2.o)
    0x0000030a   0x0000030a   0x00000000   Code   RO         1422    .ARM.Collect$$libinit$$00000023  c_w.l(libinit2.o)
    0x0000030a   0x0000030a   0x00000000   Code   RO         1424    .ARM.Collect$$libinit$$00000025  c_w.l(libinit2.o)
    0x0000030a   0x0000030a   0x00000000   Code   RO         1428    .ARM.Collect$$libinit$$0000002C  c_w.l(libinit2.o)
    0x0000030a   0x0000030a   0x00000000   Code   RO         1430    .ARM.Collect$$libinit$$0000002E  c_w.l(libinit2.o)
    0x0000030a   0x0000030a   0x00000000   Code   RO         1432    .ARM.Collect$$libinit$$00000030  c_w.l(libinit2.o)
    0x0000030a   0x0000030a   0x00000000   Code   RO         1434    .ARM.Collect$$libinit$$00000032  c_w.l(libinit2.o)
    0x0000030a   0x0000030a   0x00000002   Code   RO         1435    .ARM.Collect$$libinit$$00000033  c_w.l(libinit2.o)
    0x0000030c   0x0000030c   0x00000002   Code   RO         1455    .ARM.Collect$$libshutdown$$00000000  c_w.l(libshutdown.o)
    0x0000030e   0x0000030e   0x00000000   Code   RO         1468    .ARM.Collect$$libshutdown$$00000002  c_w.l(libshutdown2.o)
    0x0000030e   0x0000030e   0x00000000   Code   RO         1470    .ARM.Collect$$libshutdown$$00000004  c_w.l(libshutdown2.o)
    0x0000030e   0x0000030e   0x00000000   Code   RO         1473    .ARM.Collect$$libshutdown$$00000007  c_w.l(libshutdown2.o)
    0x0000030e   0x0000030e   0x00000000   Code   RO         1476    .ARM.Collect$$libshutdown$$0000000A  c_w.l(libshutdown2.o)
    0x0000030e   0x0000030e   0x00000000   Code   RO         1478    .ARM.Collect$$libshutdown$$0000000C  c_w.l(libshutdown2.o)
    0x0000030e   0x0000030e   0x00000000   Code   RO         1481    .ARM.Collect$$libshutdown$$0000000F  c_w.l(libshutdown2.o)
    0x0000030e   0x0000030e   0x00000002   Code   RO         1482    .ARM.Collect$$libshutdown$$00000010  c_w.l(libshutdown2.o)
    0x00000310   0x00000310   0x00000000   Code   RO         1356    .ARM.Collect$$rtentry$$00000000  c_w.l(__rtentry.o)
    0x00000310   0x00000310   0x00000000   Code   RO         1360    .ARM.Collect$$rtentry$$00000002  c_w.l(__rtentry2.o)
    0x00000310   0x00000310   0x00000006   Code   RO         1372    .ARM.Collect$$rtentry$$00000004  c_w.l(__rtentry4.o)
    0x00000316   0x00000316   0x00000000   Code   RO         1362    .ARM.Collect$$rtentry$$00000009  c_w.l(__rtentry2.o)
    0x00000316   0x00000316   0x00000004   Code   RO         1363    .ARM.Collect$$rtentry$$0000000A  c_w.l(__rtentry2.o)
    0x0000031a   0x0000031a   0x00000000   Code   RO         1365    .ARM.Collect$$rtentry$$0000000C  c_w.l(__rtentry2.o)
    0x0000031a   0x0000031a   0x00000008   Code   RO         1366    .ARM.Collect$$rtentry$$0000000D  c_w.l(__rtentry2.o)
    0x00000322   0x00000322   0x00000002   Code   RO         1389    .ARM.Collect$$rtexit$$00000000  c_w.l(rtexit.o)
    0x00000324   0x00000324   0x00000000   Code   RO         1437    .ARM.Collect$$rtexit$$00000002  c_w.l(rtexit2.o)
    0x00000324   0x00000324   0x00000004   Code   RO         1438    .ARM.Collect$$rtexit$$00000003  c_w.l(rtexit2.o)
    0x00000328   0x00000328   0x00000006   Code   RO         1439    .ARM.Collect$$rtexit$$00000004  c_w.l(rtexit2.o)
    0x0000032e   0x0000032e   0x00000002   PAD
    0x00000330   0x00000330   0x00000030   Code   RO           99    .text               startup.o
    0x00000360   0x00000360   0x00000010   Code   RO         1350    .text               c_w.l(aeabi_memset.o)
    0x00000370   0x00000370   0x00000006   Code   RO         1352    .text               c_w.l(heapauxi.o)
    0x00000376   0x00000376   0x00000044   Code   RO         1357    .text               c_w.l(rt_memclr.o)
    0x000003ba   0x000003ba   0x0000004e   Code   RO         1374    .text               c_w.l(rt_memclr_w.o)
    0x00000408   0x00000408   0x0000004a   Code   RO         1376    .text               c_w.l(sys_stackheap_outer.o)
    0x00000452   0x00000452   0x00000012   Code   RO         1378    .text               c_w.l(exit.o)
    0x00000464   0x00000464   0x00000008   Code   RO         1386    .text               c_w.l(libspace.o)
    0x0000046c   0x0000046c   0x0000000c   Code   RO         1447    .text               c_w.l(sys_exit.o)
    0x00000478   0x00000478   0x00000002   Code   RO         1458    .text               c_w.l(use_no_semi.o)
    0x0000047a   0x0000047a   0x00000000   Code   RO         1460    .text               c_w.l(indicate_semi.o)
    0x0000047a   0x0000047a   0x00000002   PAD
    0x0000047c   0x0000047c   0x000000a4   Code   RO            1    i.InitConsole       main.o
    0x00000520   0x00000520   0x000000b4   Code   RO            2    i.PrintTime         main.o
    0x000005d4   0x000005d4   0x00000038   Code   RO          753    i.SysCtlPeripheralPresent  sysctl.o
    0x0000060c   0x0000060c   0x00000030   Code   RO            3    i.SysTickInit       main.o
    0x0000063c   0x0000063c   0x00000024   Code   RO            4    i.SysTick_Handler   main.o
    0x00000660   0x00000660   0x00000030   Code   RO            5    i.ToTime            main.o
    0x00000690   0x00000690   0x00000012   Code   RO          980    i.UARTCharGet       uart.o
    0x000006a2   0x000006a2   0x00000010   Code   RO          982    i.UARTCharPut       uart.o
    0x000006b2   0x000006b2   0x00000002   PAD
    0x000006b4   0x000006b4   0x00000030   Code   RO         1269    i.UARTStdioConfig   uartstdio.o
    0x000006e4   0x000006e4   0x00000090   Code   RO         1271    i.UARTgets          uartstdio.o
    0x00000774   0x00000774   0x0000001a   Code   RO         1272    i.UARTprintf        uartstdio.o
    0x0000078e   0x0000078e   0x00000002   PAD
    0x00000790   0x00000790   0x00000250   Code   RO         1273    i.UARTvprintf       uartstdio.o
    0x000009e0   0x000009e0   0x00000034   Code   RO         1274    i.UARTwrite         uartstdio.o
    0x00000a14   0x00000a14   0x00000208   Code   RO            6    i.main              main.o
    0x00000c1c   0x00000c1c   0x0000001c   Code   RO            7    i.myGetChar         main.o
    0x00000c38   0x00000c38   0x00000018   Code   RO            8    i.myPutChar         main.o
    0x00000c50   0x00000c50   0x0000001c   Data   RO         1275    .constdata          uartstdio.o
    0x00000c6c   0x00000c6c   0x00000011   Data   RO         1276    .conststring        uartstdio.o
    0x00000c7d   0x00000c7d   0x00000003   PAD
    0x00000c80   0x00000c80   0x00000020   Data   RO         1513    Region$$Table       anon$$obj.o


    Execution Region ER_RW (Exec base: 0x20000000, Load base: 0x00000ca0, Size: 0x0000000c, Max: 0xffffffff, ABSOLUTE)

    Exec Addr    Load Addr    Size         Type   Attr      Idx    E Section Name        Object

    0x20000000   0x00000ca0   0x00000004   Data   RW            9    .data               main.o
    0x20000004   0x00000ca4   0x00000005   Data   RW         1277    .data               uartstdio.o


    Execution Region ER_ZI (Exec base: 0x2000000c, Load base: 0x00000cac, Size: 0x00000464, Max: 0xffffffff, ABSOLUTE)

    Exec Addr    Load Addr    Size         Type   Attr      Idx    E Section Name        Object

    0x2000000c        -       0x00000060   Zero   RW         1387    .bss                c_w.l(libspace.o)
    0x2000006c   0x00000cac   0x00000004   PAD
    0x20000070        -       0x00000000   Zero   RW           97    HEAP                startup.o
    0x20000070        -       0x00000400   Zero   RW           96    STACK               startup.o


==============================================================================

Image component sizes


      Code (inc. data)   RO Data    RW Data    ZI Data      Debug   Object Name

      1048        420          0          4          0       9474   main.o
       708        632          0          0       1024        952   startup.o
        56          4          0          0          0        530   sysctl.o
        34          0          0          0          0        952   uart.o
       862         54         45          5          0       4544   uartstdio.o

    ----------------------------------------------------------------------
      2712       1110         80         12       1024      16452   Object Totals
         0          0         32          0          0          0   (incl. Generated)
         4          0          3          3          0          0   (incl. Padding)

    ----------------------------------------------------------------------

      Code (inc. data)   RO Data    RW Data    ZI Data      Debug   Library Member Name

         8          0          0          0          0         68   __main.o
         0          0          0          0          0          0   __rtentry.o
        12          0          0          0          0          0   __rtentry2.o
         6          0          0          0          0          0   __rtentry4.o
        52          8          0          0          0          0   __scatter.o
        26          0          0          0          0          0   __scatter_copy.o
        28          0          0          0          0          0   __scatter_zi.o
        16          0          0          0          0         68   aeabi_memset.o
        18          0          0          0          0         80   exit.o
         6          0          0          0          0        152   heapauxi.o
         0          0          0          0          0          0   indicate_semi.o
         2          0          0          0          0          0   libinit.o
         2          0          0          0          0          0   libinit2.o
         2          0          0          0          0          0   libshutdown.o
         2          0          0          0          0          0   libshutdown2.o
         8          4          0          0         96         68   libspace.o
        68          0          0          0          0         68   rt_memclr.o
        78          0          0          0          0         80   rt_memclr_w.o
         2          0          0          0          0          0   rtexit.o
        10          0          0          0          0          0   rtexit2.o
        12          4          0          0          0         68   sys_exit.o
        74          0          0          0          0         80   sys_stackheap_outer.o
         2          0          0          0          0         68   use_no_semi.o

    ----------------------------------------------------------------------
       440         16          0          0        100        800   Library Totals
         6          0          0          0          4          0   (incl. Padding)

    ----------------------------------------------------------------------

      Code (inc. data)   RO Data    RW Data    ZI Data      Debug   Library Name

       434         16          0          0         96        800   c_w.l

    ----------------------------------------------------------------------
       440         16          0          0        100        800   Library Totals

    ----------------------------------------------------------------------

==============================================================================


      Code (inc. data)   RO Data    RW Data    ZI Data      Debug   

      3152       1126         80         12       1124      16260   Grand Totals
      3152       1126         80         12       1124      16260   ELF Image Totals
      3152       1126         80         12          0          0   ROM Totals

==============================================================================

    Total RO  Size (Code + RO Data)                 3232 (   3.16kB)
    Total RW  Size (RW Data + ZI Data)              1136 (   1.11kB)
    Total ROM Size (Code + RO Data + RW Data)       3244 (   3.17kB)

==============================================================================

